
PROGRAM "E:\Moto\soft\test complite\ASM\PWM_phasw_ASM\bin\P&E_FCS.abs"

*********************************************************************************************
TARGET SECTION
---------------------------------------------------------------------------------------------
Processor   : Motorola HC08
Memory Model: SMALL
File Format : ELF\Dwarf 2.0
Linker      : SmartLinker V-5.0.21, Apr 11 2003

*********************************************************************************************
FILE SECTION
---------------------------------------------------------------------------------------------
main.asm.o                              Model: SMALL,         Lang: Assembler

*********************************************************************************************
STARTUP SECTION
---------------------------------------------------------------------------------------------
Entry point: 0xC032 (Entry)

*********************************************************************************************
SECTION-ALLOCATION SECTION
Section Name                    Size  Type     From       To       Segment
---------------------------------------------------------------------------------------------
MY_ZEROPAGE                        2   R/W       0x60       0x61   Z_RAM
.init                             58     R     0xC000     0xC039   ROM
.stack                            80   R/W      0x100      0x14F   RAM
.vectSeg0_vect                     2     R     0xFFFE     0xFFFF   .vectSeg0


ROM size:       3C (dec:       60)
RAM size:       52 (dec:       82)

*********************************************************************************************
VECTOR-ALLOCATION SECTION
    Address     InitValue   InitFunction
---------------------------------------------------------------------------------------------
     0xFFFE        0xC032   Entry

*********************************************************************************************
OBJECT-ALLOCATION SECTION
     Name               Module                 Addr   hSize   dSize     Ref    Section     RLIB
---------------------------------------------------------------------------------------------
MODULE:                 -- main.asm.o --
- PROCEDURES:
     main                                      C000      22      34       0   .init       
     LOOP                                      C022      10      16       0   .init       
     Entry                                     C032       8       8       0   .init       
- VARIABLES:
     temp_byte                                   60       1       1       1   MY_ZEROPAGE 
     delay                                       61       1       1       3   MY_ZEROPAGE 

*********************************************************************************************
SECTION USE IN OBJECT-ALLOCATION SECTION
---------------------------------------------------------------------------------------------
SECTION: ".init"
  main LOOP Entry 
SECTION: "MY_ZEROPAGE"
  temp_byte delay 

*********************************************************************************************
UNUSED-OBJECTS SECTION
---------------------------------------------------------------------------------------------

*********************************************************************************************
COPYDOWN SECTION
---------------------------------------------------------------------------------------------

*********************************************************************************************
OBJECT-DEPENDENCIES SECTION
---------------------------------------------------------------------------------------------
main                      USES delay 
LOOP                      USES delay MyCode 
Entry                     USES temp_byte 

*********************************************************************************************
DEPENDENCY TREE
*********************************************************************************************
 main and _Startup Group
 | 
 +- main                
 |    
 +- Entry               
      
*********************************************************************************************
STATISTIC SECTION
---------------------------------------------------------------------------------------------

ExeFile:
--------
Number of blocks to be downloaded: 2
Total size of all blocks to be downloaded: 60

