C51 COMPILER V7.50   1602LCD_YD                                                            02/05/2006 15:23:50 PAGE 1   


C51 COMPILER V7.50, COMPILATION OF MODULE 1602LCD_YD
OBJECT MODULE PLACED IN 1602LCD_YD.OBJ
COMPILER INVOKED BY: D:\Program Files\Keil\C51\BIN\C51.EXE 1602LCD_YD.c BROWSE DEBUG OBJECTEXTEND

line level    source

   1          /*******************************************************************      
   2          /*                                                                         
   3          /*ME300B单片机开发系统演示程序 - LCD1602 移动显示C                         
   4          /*                                                                         
   5          /* 显示内容：   CHINESE                                                    
   6          /*                  NEW  YEAR                                              
   7          /*                                                                         
   8          /* 显示方式：                                                              
   9          /* 1、LCD第一行显示： CHINESE                                              
  10          /*      LCD第二行显示： NEW YEAR                                           
  11          /* 2、先将两行字符写入DDRAM中，然后从右至左逐字移出显示。                  
  12          /* 3、在指定位置停留1.6秒后，闪烁2次，清屏。                               
  13          /* 4、反复循环上述显示方式。                                               
  14          /*                                                                         
  15          /* 邮箱： gguoqing@willar.com                                              
  16          /* 网站： http://www.willar.com                                            
  17          /* 作者： gguoqing                                                         
  18          /* 时间： 2006/01/23                                                       
  19          /*                                                                         
  20          /*【版权】COPYRIGHT(C)伟纳电子 www.willar.com ALL RIGHTS RESERVED          
  21          /*【声明】此程序仅用于学习与参考，引用请注明版权和作者信息！               
  22          /*                                                                         
  23          /*******************************************************************/      
  24                                                                                     
  25          #include <reg51.h>
  26          #include <intrins.h>                                                                  
  27                                                                                     
  28          #define uchar unsigned char                                                
  29          #define uint unsigned int                                                  
  30                                                                                     
  31          sbit LCD_RS = P2^0;                                                        
  32          sbit LCD_RW = P2^1;                                                        
  33          sbit LCD_EN = P2^2;                                                        
  34                                                                                     
  35          uchar code dis1[] = {"    CHINESE     "};                                  
  36          uchar code dis2[] = {"    NEW YEAR    "};                                  
  37                                                                                     
  38                                                                                     
  39          /*******************************************************************/      
  40          /*                                                                         
  41          /* 延时子程序                                                              
  42          /*                                                                         
  43          /*******************************************************************/      
  44                                                                                     
  45          void delay(int ms)                                                         
  46          {                                                                          
  47   1         int i;                                                                  
  48   1         while(ms--)                                                             
  49   1         {                                                                       
  50   2           for(i = 0; i< 250; i++)                                               
  51   2           {                                                                     
  52   3            _nop_();                                                             
  53   3            _nop_();                                                             
  54   3            _nop_();                                                             
  55   3            _nop_();                                                             
C51 COMPILER V7.50   1602LCD_YD                                                            02/05/2006 15:23:50 PAGE 2   

  56   3           }                                                                     
  57   2         }                                                                       
  58   1      }                                                                          
  59                                                                                     
  60          /*******************************************************************/      
  61          /*                                                                         
  62          /*检查LCD忙状态                                                            
  63          /*lcd_busy为1时，忙，等待。lcd-busy为0时,闲，可写指令与数据。              
  64          /*                                                                         
  65          /*******************************************************************/      
  66                                                                                     
  67          bit lcd_busy()                                                             
  68          {                                                                          
  69   1          bit result;                                                            
  70   1          LCD_RS = 0;                                                            
  71   1          LCD_RW = 1;                                                            
  72   1          LCD_EN = 1;                                                            
  73   1          _nop_();                                                               
  74   1          _nop_();                                                               
  75   1          _nop_();                                                               
  76   1          _nop_();                                                               
  77   1           result = (bit)(P0&0x80);                                              
  78   1          LCD_EN = 0;                                                            
  79   1          return result;                                                         
  80   1      }                                                                          
  81                                                                                     
  82          /*******************************************************************/      
  83          /*                                                                         
  84          /*写指令数据到LCD                                                          
  85          /*RS=L，RW=L，E=高脉冲，D0-D7=指令码。                                     
  86          /*                                                                         
  87          /*******************************************************************/      
  88                                                                                     
  89          void lcd_wcmd(uchar cmd)                                                   
  90          {                                                                          
  91   1         while(lcd_busy());                                                      
  92   1          LCD_RS = 0;                                                            
  93   1          LCD_RW = 0;                                                            
  94   1          LCD_EN = 0;                                                            
  95   1          _nop_();                                                               
  96   1          _nop_();                                                               
  97   1          P0 = cmd;                                                              
  98   1          _nop_();                                                               
  99   1          _nop_();                                                               
 100   1          _nop_();                                                               
 101   1          _nop_();                                                               
 102   1          LCD_EN = 1;                                                            
 103   1          _nop_();                                                               
 104   1          _nop_();                                                               
 105   1          _nop_();                                                               
 106   1          _nop_();                                                               
 107   1          LCD_EN = 0;                                                            
 108   1      }                                                                          
 109                                                                                     
 110          /*******************************************************************/      
 111          /*                                                                         
 112          /*写显示数据到LCD                                                          
 113          /*RS=H，RW=L，E=高脉冲，D0-D7=数据。                                       
 114          /*                                                                         
 115          /*******************************************************************/      
 116                                                                                     
 117          void lcd_wdat(uchar dat)                                                   
C51 COMPILER V7.50   1602LCD_YD                                                            02/05/2006 15:23:50 PAGE 3   

 118          {                                                                          
 119   1         while(lcd_busy());                                                      
 120   1          LCD_RS = 1;                                                            
 121   1          LCD_RW = 0;                                                            
 122   1          LCD_EN = 0;                                                            
 123   1          P0 = dat;                                                              
 124   1          _nop_();                                                               
 125   1          _nop_();                                                               
 126   1          _nop_();                                                               
 127   1          _nop_();                                                               
 128   1          LCD_EN = 1;                                                            
 129   1          _nop_();                                                               
 130   1          _nop_();                                                               
 131   1          _nop_();                                                               
 132   1          _nop_();                                                               
 133   1          LCD_EN = 0;                                                            
 134   1      }                                                                          
 135                                                                                     
 136          /*******************************************************************/      
 137          /*                                                                         
 138          /*  设定显示位置                                                           
 139          /*                                                                         
 140          /*******************************************************************/      
 141                                                                                     
 142          void lcd_pos(uchar pos)                                                    
 143          {                                                                          
 144   1         lcd_wcmd(pos|0x80);      //数据指针=80+地址变量                         
 145   1      }                                                                          
 146                                                                                     
 147          /*******************************************************************/      
 148          /*                                                                         
 149          /*  LCD初始化设定                                                          
 150          /*                                                                         
 151          /*******************************************************************/      
 152                                                                                     
 153          void lcd_init()                                                            
 154          {                                                                          
 155   1          delay(15);                     //等待LCD电源稳定                       
 156   1          lcd_wcmd(0x38);          //16*2显示，5*7点阵，8位数据                  
 157   1          delay(5);                                                              
 158   1          lcd_wcmd(0x38);                                                        
 159   1          delay(5);                                                              
 160   1          lcd_wcmd(0x38);                                                        
 161   1          delay(5);                                                              
 162   1                                                                                 
 163   1          lcd_wcmd(0x0c);          //显示开，关光标                              
 164   1          delay(5);                                                              
 165   1          lcd_wcmd(0x06);          //移动光标                                    
 166   1          delay(5);                                                              
 167   1          lcd_wcmd(0x01);          //清除LCD的显示内容                           
 168   1          delay(5);                                                              
 169   1      }                                                                          
 170                                                                                     
 171          /*******************************************************************/      
 172          /*                                                                         
 173          /*  清屏子程序                                                             
 174          /*                                                                         
 175          /*******************************************************************/      
 176                                                                                     
 177          void lcd_clr()                                                             
 178          {                                                                          
 179   1          lcd_wcmd(0x01);          //清除LCD的显示内容                           
C51 COMPILER V7.50   1602LCD_YD                                                            02/05/2006 15:23:50 PAGE 4   

 180   1          delay(5);                                                              
 181   1      }                                                                          
 182                                                                                     
 183          /*******************************************************************/      
 184          /*                                                                         
 185          /*  闪动子程序                                                             
 186          /*                                                                         
 187          /*******************************************************************/      
 188                                                                                     
 189          void flash()                                                               
 190          {                                                                          
 191   1          delay(600);                     //控制停留时间                         
 192   1          lcd_wcmd(0x08);            //关闭显示                                  
 193   1          delay(200);                    //延时                                  
 194   1          lcd_wcmd(0x0c);            //开显示                                    
 195   1          delay(200);                                                            
 196   1          lcd_wcmd(0x08);            //关闭显示                                  
 197   1          delay(200);                     //延时                                 
 198   1          lcd_wcmd(0x0c);            //开显示                                    
 199   1          delay(200);                                                            
 200   1      }                                                                          
 201                                                                                     
 202          /*******************************************************************/      
 203          /*                                                                         
 204          /*  主程序                                                                 
 205          /*                                                                         
 206          /*******************************************************************/      
 207                                                                                     
 208          main()                                                                     
 209          {                                                                          
 210   1          uchar i,j;                                                             
 211   1          delay(10);                                                             
 212   1          lcd_init();                          //初始化LCD                       
 213   1                                                                                 
 214   1          while(1)                                                               
 215   1         {                                                                       
 216   2            lcd_clr();                                                           
 217   2                                                                                 
 218   2            lcd_pos(0x10);               //设置显示位置为第一行第17列            
 219   2            i = 0;                                                               
 220   2                                                                                 
 221   2           while(dis1[i] != '\0')                                                
 222   2           {                                      //显示字符"    CHINESE     "   
 223   3             lcd_wdat(dis1[i]);                                                  
 224   3             i++;                                                                
 225   3           }                                                                     
 226   2                                                                                 
 227   2            lcd_pos(0x50);              //设置显示位置为第二行第17列             
 228   2            i = 0;                                                               
 229   2                                                                                 
 230   2           while(dis2[i] != '\0')                                                
 231   2           {                                                                     
 232   3             lcd_wdat(dis2[i]);         //显示字符"    NEW YEAR    "             
 233   3             i++;                                                                
 234   3           }                                                                     
 235   2                                                                                 
 236   2           for(j=0;j<16;j++)           //向左移动16格                           
 237   2           {                                                                     
 238   3             lcd_wcmd(0x18);           //字符同时左移一格                        
 239   3             delay(100);                   //控制移动时间                        
 240   3           }                                                                     
 241   2                                                                                 
C51 COMPILER V7.50   1602LCD_YD                                                            02/05/2006 15:23:50 PAGE 5   

 242   2            flash();                            //闪动二次                       
 243   2                                                                                 
 244   2         }                                                                       
 245   1      }                                                                          
 246                                                                                     
 247                                                                                     
 248                                                                                     
 249                                                                                     


MODULE INFORMATION:   STATIC OVERLAYABLE
   CODE SIZE        =    316    ----
   CONSTANT SIZE    =     34    ----
   XDATA SIZE       =   ----    ----
   PDATA SIZE       =   ----    ----
   DATA SIZE        =   ----    ----
   IDATA SIZE       =   ----    ----
   BIT SIZE         =   ----       1
END OF MODULE INFORMATION.


C51 COMPILATION COMPLETE.  0 WARNING(S),  0 ERROR(S)
