
PROGRAM "E:\lab505\程序电子版\程序电子版_刻盘\AD\AD_int\bin\P&E_FCS.abs"

*********************************************************************************************
TARGET SECTION
---------------------------------------------------------------------------------------------
Processor   : Motorola HC08
Memory Model: SMALL
File Format : ELF\Dwarf 2.0
Linker      : SmartLinker V-5.0.21, Apr 11 2003

*********************************************************************************************
FILE SECTION
---------------------------------------------------------------------------------------------
main.c.o                                Model: SMALL,         Lang: ANSI-C
Start08.c.o                             Model: SMALL,         Lang: ANSI-C
MC68HC908SR12.C.o                       Model: SMALL,         Lang: ANSI-C

*********************************************************************************************
STARTUP SECTION
---------------------------------------------------------------------------------------------
Entry point: 0xC08C (_Startup)
_startupData is allocated at 0xC0A6 and uses 9 Bytes
extern struct _tagStartup {
  unsigned flags          0
  _PFunc   main           0xC0D2    (main)
  unsigned nofZeroOut     1
  _Range   pZeroOut       0x100     11
  _Copy    *toCopyDownBeg 0xC1AE
} _startupData;

*********************************************************************************************
SECTION-ALLOCATION SECTION
Section Name                    Size  Type     From       To       Segment
---------------------------------------------------------------------------------------------
.text                            247     R     0xC0B7     0xC1AD   ROM
.abs_section_5e                    1   N/I       0x5E       0x5E   .absSeg0
.abs_section_58                    1   N/I       0x58       0x58   .absSeg1
.abs_section_59                    2   N/I       0x59       0x5A   .absSeg91
.abs_section_5a                    1   N/I       0x5A       0x5A   .absSeg3
.abs_section_5b                    1   N/I       0x5B       0x5B   .absSeg4
.abs_section_5c                    1   N/I       0x5C       0x5C   .absSeg5
.abs_section_5d                    1   N/I       0x5D       0x5D   .absSeg6
.abs_section_57                    1   N/I       0x57       0x57   .absSeg7
.abs_section_e                     1   N/I        0xE        0xE   .absSeg8
.abs_section_f                     1   N/I        0xF        0xF   .absSeg9
.abs_section_10                    1   N/I       0x10       0x10   .absSeg10
.abs_section_fe0c                  2   N/I     0xFE0C     0xFE0D   .absSeg92
.abs_section_fe0d                  1   N/I     0xFE0D     0xFE0D   .absSeg12
.abs_section_fe0e                  1   N/I     0xFE0E     0xFE0E   .absSeg13
.abs_section_1f                    1   N/I       0x1F       0x1F   .absSeg14
.abs_section_1d                    1   N/I       0x1D       0x1D   .absSeg15
.abs_section_ffff                  1   N/I     0xFFFF     0xFFFF   .absSeg16
.abs_section_4                     1   N/I        0x4        0x4   .absSeg17
.abs_section_5                     1   N/I        0x5        0x5   .absSeg18
.abs_section_6                     1   N/I        0x6        0x6   .absSeg19
.abs_section_7                     1   N/I        0x7        0x7   .absSeg20
.abs_section_ff09                  1   N/I     0xFF09     0xFF09   .absSeg21
.abs_section_fe08                  1   N/I     0xFE08     0xFE08   .absSeg22
.abs_section_fe04                  1   N/I     0xFE04     0xFE04   .absSeg23
.abs_section_fe05                  1   N/I     0xFE05     0xFE05   .absSeg24
.abs_section_fe06                  1   N/I     0xFE06     0xFE06   .absSeg25
.abs_section_1e                    1   N/I       0x1E       0x1E   .absSeg26
.abs_section_1c                    1   N/I       0x1C       0x1C   .absSeg27
.abs_section_1b                    1   N/I       0x1B       0x1B   .absSeg28
.abs_section_1a                    1   N/I       0x1A       0x1A   .absSeg29
.abs_section_c                     1   N/I        0xC        0xC   .absSeg30
.abs_section_d                     1   N/I        0xD        0xD   .absSeg31
.abs_section_fe0f                  1   N/I     0xFE0F     0xFE0F   .absSeg32
.abs_section_48                    1   N/I       0x48       0x48   .absSeg33
.abs_section_49                    1   N/I       0x49       0x49   .absSeg34
.abs_section_4a                    1   N/I       0x4A       0x4A   .absSeg35
.abs_section_4e                    1   N/I       0x4E       0x4E   .absSeg36
.abs_section_4d                    1   N/I       0x4D       0x4D   .absSeg37
.abs_section_4c                    1   N/I       0x4C       0x4C   .absSeg38
.abs_section_4f                    1   N/I       0x4F       0x4F   .absSeg39
.abs_section_4b                    1   N/I       0x4B       0x4B   .absSeg40
.abs_section_ff80                  1   N/I     0xFF80     0xFF80   .absSeg41
.abs_section_37                    1   N/I       0x37       0x37   .absSeg42
.abs_section_36                    1   N/I       0x36       0x36   .absSeg43
.abs_section_3b                    1   N/I       0x3B       0x3B   .absSeg44
.abs_section_3a                    1   N/I       0x3A       0x3A   .absSeg45
.abs_section_38                    2   N/I       0x38       0x39   .absSeg93
.abs_section_39                    1   N/I       0x39       0x39   .absSeg47
.abs_section_0                     1   N/I        0x0        0x0   .absSeg48
.abs_section_1                     1   N/I        0x1        0x1   .absSeg49
.abs_section_2                     1   N/I        0x2        0x2   .absSeg50
.abs_section_3                     1   N/I        0x3        0x3   .absSeg51
.abs_section_52                    1   N/I       0x52       0x52   .absSeg52
.abs_section_51                    1   N/I       0x51       0x51   .absSeg53
.abs_section_53                    1   N/I       0x53       0x53   .absSeg54
.abs_section_54                    1   N/I       0x54       0x54   .absSeg55
.abs_section_55                    1   N/I       0x55       0x55   .absSeg56
.abs_section_56                    1   N/I       0x56       0x56   .absSeg57
.abs_section_fe03                  1   N/I     0xFE03     0xFE03   .absSeg58
.abs_section_fe00                  1   N/I     0xFE00     0xFE00   .absSeg59
.abs_section_19                    1   N/I       0x19       0x19   .absSeg60
.abs_section_13                    1   N/I       0x13       0x13   .absSeg61
.abs_section_14                    1   N/I       0x14       0x14   .absSeg62
.abs_section_15                    1   N/I       0x15       0x15   .absSeg63
.abs_section_18                    1   N/I       0x18       0x18   .absSeg64
.abs_section_16                    1   N/I       0x16       0x16   .absSeg65
.abs_section_17                    1   N/I       0x17       0x17   .absSeg66
.abs_section_fe01                  1   N/I     0xFE01     0xFE01   .absSeg67
.abs_section_21                    2   N/I       0x21       0x22   .absSeg94
.abs_section_22                    1   N/I       0x22       0x22   .absSeg69
.abs_section_26                    2   N/I       0x26       0x27   .absSeg95
.abs_section_27                    1   N/I       0x27       0x27   .absSeg71
.abs_section_29                    2   N/I       0x29       0x2A   .absSeg96
.abs_section_2a                    1   N/I       0x2A       0x2A   .absSeg73
.abs_section_23                    2   N/I       0x23       0x24   .absSeg97
.abs_section_24                    1   N/I       0x24       0x24   .absSeg75
.abs_section_20                    1   N/I       0x20       0x20   .absSeg76
.abs_section_25                    1   N/I       0x25       0x25   .absSeg77
.abs_section_28                    1   N/I       0x28       0x28   .absSeg78
.abs_section_2c                    2   N/I       0x2C       0x2D   .absSeg98
.abs_section_2d                    1   N/I       0x2D       0x2D   .absSeg80
.abs_section_31                    2   N/I       0x31       0x32   .absSeg99
.abs_section_32                    1   N/I       0x32       0x32   .absSeg82
.abs_section_34                    2   N/I       0x34       0x35   .absSeg100
.abs_section_35                    1   N/I       0x35       0x35   .absSeg84
.abs_section_2e                    2   N/I       0x2E       0x2F   .absSeg101
.abs_section_2f                    1   N/I       0x2F       0x2F   .absSeg86
.abs_section_2b                    1   N/I       0x2B       0x2B   .absSeg87
.abs_section_30                    1   N/I       0x30       0x30   .absSeg88
.abs_section_33                    1   N/I       0x33       0x33   .absSeg89
.abs_section_46                    1   N/I       0x46       0x46   .absSeg90
.startData                        17     R     0xC0A6     0xC0B6   ROM
.init                            166     R     0xC000     0xC0A5   ROM
.common                           11   R/W      0x100      0x10A   RAM
.stack                            80   R/W      0x10B      0x15A   RAM
.copy                              2     R     0xC1AE     0xC1AF   ROM
.vectSeg102_vect                   2     R     0xFFDE     0xFFDF   .vectSeg102
.vectSeg103_vect                   2     R     0xFFFE     0xFFFF   .vectSeg103


ROM size:      1B4 (dec:      436)
RAM size:       C1 (dec:      193)

*********************************************************************************************
VECTOR-ALLOCATION SECTION
    Address     InitValue   InitFunction
---------------------------------------------------------------------------------------------
     0xFFDE        0xC198   _ADC_int
     0xFFFE        0xC08C   _Startup

*********************************************************************************************
OBJECT-ALLOCATION SECTION
     Name               Module                 Addr   hSize   dSize     Ref    Section     RLIB
---------------------------------------------------------------------------------------------
MODULE:                 -- main.c.o --
- PROCEDURES:
     delay                                     C0B7      1B      27       1   .text       
     main                                      C0D2      C6     198       2   .text       
     _ADC_int                                  C198      16      22       0   .text       
- VARIABLES:
     adc_result                                 100       A      10       8   .common     
     i                                          10A       1       1       5   .common     
MODULE:                 -- Start08.c.o --
- PROCEDURES:
     loadByte                                  C000      17      23       5   .init       
     Init                                      C017      75     117       1   .init       
     _Startup                                  C08C      1A      26       0   .init       
- VARIABLES:
     _startupData                              C0A6       9       9       9   .startData  
- LABELS:
     __SEG_END_SSTACK                           15B       0       0       1               
MODULE:                 -- MC68HC908SR12.C.o --
- PROCEDURES:
- VARIABLES:
     _ADASCR                                     5E       1       1       0   .abs_section_5e
     _ADICLK                                     58       1       1       1   .abs_section_58
     _ADR0H                                      59       1       1       0   .abs_section_59
     _ADR0L                                      5A       1       1       1   .abs_section_5a
     _ADR1L                                      5B       1       1       0   .abs_section_5b
     _ADR2L                                      5C       1       1       0   .abs_section_5c
     _ADR3L                                      5D       1       1       0   .abs_section_5d
     _ADSCR                                      57       1       1       5   .abs_section_57
     _AMCR                                        E       1       1       0   .abs_section_e
     _AMGCR                                       F       1       1       0   .abs_section_f
     _AMSCR                                      10       1       1       0   .abs_section_10
     _BRKH                                     FE0C       1       1       0   .abs_section_fe0c
     _BRKL                                     FE0D       1       1       0   .abs_section_fe0d
     _BRKSCR                                   FE0E       1       1       0   .abs_section_fe0e
     _CONFIG1                                    1F       1       1       1   .abs_section_1f
     _CONFIG2                                    1D       1       1       1   .abs_section_1d
     _COPCTL                                   FFFF       1       1       0   .abs_section_ffff
     _DDRA                                        4       1       1       0   .abs_section_4
     _DDRB                                        5       1       1       0   .abs_section_5
     _DDRC                                        6       1       1       0   .abs_section_6
     _DDRD                                        7       1       1       1   .abs_section_7
     _FLBPR                                    FF09       1       1       0   .abs_section_ff09
     _FLCR                                     FE08       1       1       0   .abs_section_fe08
     _INT1                                     FE04       1       1       0   .abs_section_fe04
     _INT2                                     FE05       1       1       0   .abs_section_fe05
     _INT3                                     FE06       1       1       0   .abs_section_fe06
     _INTSCR1                                    1E       1       1       0   .abs_section_1e
     _INTSCR2                                    1C       1       1       0   .abs_section_1c
     _KBIER                                      1B       1       1       0   .abs_section_1b
     _KBSCR                                      1A       1       1       0   .abs_section_1a
     _LEDA                                        C       1       1       0   .abs_section_c
     _LEDC                                        D       1       1       0   .abs_section_d
     _LVISR                                    FE0F       1       1       0   .abs_section_fe0f
     _MMADR                                      48       1       1       0   .abs_section_48
     _MMCR1                                      49       1       1       0   .abs_section_49
     _MMCR2                                      4A       1       1       0   .abs_section_4a
     _MMCRCDR                                    4E       1       1       0   .abs_section_4e
     _MMDRR                                      4D       1       1       0   .abs_section_4d
     _MMDTR                                      4C       1       1       0   .abs_section_4c
     _MMFDR                                      4F       1       1       0   .abs_section_4f
     _MMSR                                       4B       1       1       0   .abs_section_4b
     _MOR                                      FF80       1       1       0   .abs_section_ff80
     _PBWC                                       37       1       1       0   .abs_section_37
     _PCTL                                       36       1       1       0   .abs_section_36
     _PMDS                                       3B       1       1       0   .abs_section_3b
     _PMRS                                       3A       1       1       0   .abs_section_3a
     _PMSH                                       38       1       1       0   .abs_section_38
     _PMSL                                       39       1       1       0   .abs_section_39
     _PTA                                         0       1       1       0   .abs_section_0
     _PTB                                         1       1       1       0   .abs_section_1
     _PTC                                         2       1       1       0   .abs_section_2
     _PTD                                         3       1       1       4   .abs_section_3
     _PWMCCR                                     52       1       1       0   .abs_section_52
     _PWMCR                                      51       1       1       0   .abs_section_51
     _PWMDR0                                     53       1       1       0   .abs_section_53
     _PWMDR1                                     54       1       1       0   .abs_section_54
     _PWMDR2                                     55       1       1       0   .abs_section_55
     _PWMPCR                                     56       1       1       0   .abs_section_56
     _SBFCR                                    FE03       1       1       0   .abs_section_fe03
     _SBSR                                     FE00       1       1       0   .abs_section_fe00
     _SCBR                                       19       1       1       0   .abs_section_19
     _SCC1                                       13       1       1       0   .abs_section_13
     _SCC2                                       14       1       1       0   .abs_section_14
     _SCC3                                       15       1       1       0   .abs_section_15
     _SCDR                                       18       1       1       0   .abs_section_18
     _SCS1                                       16       1       1       0   .abs_section_16
     _SCS2                                       17       1       1       0   .abs_section_17
     _SRSR                                     FE01       1       1       0   .abs_section_fe01
     _T1CNTH                                     21       1       1       0   .abs_section_21
     _T1CNTL                                     22       1       1       0   .abs_section_22
     _T1CH0H                                     26       1       1       0   .abs_section_26
     _T1CH0L                                     27       1       1       0   .abs_section_27
     _T1CH1H                                     29       1       1       0   .abs_section_29
     _T1CH1L                                     2A       1       1       0   .abs_section_2a
     _T1MODH                                     23       1       1       0   .abs_section_23
     _T1MODL                                     24       1       1       0   .abs_section_24
     _T1SC                                       20       1       1       0   .abs_section_20
     _T1SC0                                      25       1       1       0   .abs_section_25
     _T1SC1                                      28       1       1       0   .abs_section_28
     _T2CNTH                                     2C       1       1       0   .abs_section_2c
     _T2CNTL                                     2D       1       1       0   .abs_section_2d
     _T2CH0H                                     31       1       1       0   .abs_section_31
     _T2CH0L                                     32       1       1       0   .abs_section_32
     _T2CH1H                                     34       1       1       0   .abs_section_34
     _T2CH1L                                     35       1       1       0   .abs_section_35
     _T2MODH                                     2E       1       1       0   .abs_section_2e
     _T2MODL                                     2F       1       1       0   .abs_section_2f
     _T2SC                                       2B       1       1       0   .abs_section_2b
     _T2SC0                                      30       1       1       0   .abs_section_30
     _T2SC1                                      33       1       1       0   .abs_section_33
     _TBCR                                       46       1       1       0   .abs_section_46
     _ADR0                                       59       2       2       0   .abs_section_59
     _BRK                                      FE0C       2       2       0   .abs_section_fe0c
     _PMS                                        38       2       2       0   .abs_section_38
     _T1CNT                                      21       2       2       0   .abs_section_21
     _T1CH0                                      26       2       2       0   .abs_section_26
     _T1CH1                                      29       2       2       0   .abs_section_29
     _T1MOD                                      23       2       2       0   .abs_section_23
     _T2CNT                                      2C       2       2       0   .abs_section_2c
     _T2CH0                                      31       2       2       0   .abs_section_31
     _T2CH1                                      34       2       2       0   .abs_section_34
     _T2MOD                                      2E       2       2       0   .abs_section_2e

*********************************************************************************************
SECTION USE IN OBJECT-ALLOCATION SECTION
---------------------------------------------------------------------------------------------
SECTION: ".text"
  delay main _ADC_int 
SECTION: ".init"
  loadByte Init _Startup 
SECTION: ".common"
  adc_result i 
SECTION: ".abs_section_5e"
  _ADASCR 
SECTION: ".abs_section_58"
  _ADICLK 
SECTION: ".abs_section_59"
  _ADR0 _ADR0H 
SECTION: ".abs_section_5a"
  _ADR0L 
SECTION: ".abs_section_5b"
  _ADR1L 
SECTION: ".abs_section_5c"
  _ADR2L 
SECTION: ".abs_section_5d"
  _ADR3L 
SECTION: ".abs_section_57"
  _ADSCR 
SECTION: ".abs_section_e"
  _AMCR 
SECTION: ".abs_section_f"
  _AMGCR 
SECTION: ".abs_section_10"
  _AMSCR 
SECTION: ".abs_section_fe0c"
  _BRK _BRKH 
SECTION: ".abs_section_fe0d"
  _BRKL 
SECTION: ".abs_section_fe0e"
  _BRKSCR 
SECTION: ".abs_section_1f"
  _CONFIG1 
SECTION: ".abs_section_1d"
  _CONFIG2 
SECTION: ".abs_section_ffff"
  _COPCTL 
SECTION: ".abs_section_4"
  _DDRA 
SECTION: ".abs_section_5"
  _DDRB 
SECTION: ".abs_section_6"
  _DDRC 
SECTION: ".abs_section_7"
  _DDRD 
SECTION: ".abs_section_ff09"
  _FLBPR 
SECTION: ".abs_section_fe08"
  _FLCR 
SECTION: ".abs_section_fe04"
  _INT1 
SECTION: ".abs_section_fe05"
  _INT2 
SECTION: ".abs_section_fe06"
  _INT3 
SECTION: ".abs_section_1e"
  _INTSCR1 
SECTION: ".abs_section_1c"
  _INTSCR2 
SECTION: ".abs_section_1b"
  _KBIER 
SECTION: ".abs_section_1a"
  _KBSCR 
SECTION: ".abs_section_c"
  _LEDA 
SECTION: ".abs_section_d"
  _LEDC 
SECTION: ".abs_section_fe0f"
  _LVISR 
SECTION: ".abs_section_48"
  _MMADR 
SECTION: ".abs_section_49"
  _MMCR1 
SECTION: ".abs_section_4a"
  _MMCR2 
SECTION: ".abs_section_4e"
  _MMCRCDR 
SECTION: ".abs_section_4d"
  _MMDRR 
SECTION: ".abs_section_4c"
  _MMDTR 
SECTION: ".abs_section_4f"
  _MMFDR 
SECTION: ".abs_section_4b"
  _MMSR 
SECTION: ".abs_section_ff80"
  _MOR 
SECTION: ".abs_section_37"
  _PBWC 
SECTION: ".abs_section_36"
  _PCTL 
SECTION: ".abs_section_3b"
  _PMDS 
SECTION: ".abs_section_3a"
  _PMRS 
SECTION: ".abs_section_38"
  _PMS _PMSH 
SECTION: ".abs_section_39"
  _PMSL 
SECTION: ".abs_section_0"
  _PTA 
SECTION: ".abs_section_1"
  _PTB 
SECTION: ".abs_section_2"
  _PTC 
SECTION: ".abs_section_3"
  _PTD 
SECTION: ".abs_section_52"
  _PWMCCR 
SECTION: ".abs_section_51"
  _PWMCR 
SECTION: ".abs_section_53"
  _PWMDR0 
SECTION: ".abs_section_54"
  _PWMDR1 
SECTION: ".abs_section_55"
  _PWMDR2 
SECTION: ".abs_section_56"
  _PWMPCR 
SECTION: ".abs_section_fe03"
  _SBFCR 
SECTION: ".abs_section_fe00"
  _SBSR 
SECTION: ".abs_section_19"
  _SCBR 
SECTION: ".abs_section_13"
  _SCC1 
SECTION: ".abs_section_14"
  _SCC2 
SECTION: ".abs_section_15"
  _SCC3 
SECTION: ".abs_section_18"
  _SCDR 
SECTION: ".abs_section_16"
  _SCS1 
SECTION: ".abs_section_17"
  _SCS2 
SECTION: ".abs_section_fe01"
  _SRSR 
SECTION: ".abs_section_21"
  _T1CNT _T1CNTH 
SECTION: ".abs_section_22"
  _T1CNTL 
SECTION: ".abs_section_26"
  _T1CH0 _T1CH0H 
SECTION: ".abs_section_27"
  _T1CH0L 
SECTION: ".abs_section_29"
  _T1CH1 _T1CH1H 
SECTION: ".abs_section_2a"
  _T1CH1L 
SECTION: ".abs_section_23"
  _T1MOD _T1MODH 
SECTION: ".abs_section_24"
  _T1MODL 
SECTION: ".abs_section_20"
  _T1SC 
SECTION: ".abs_section_25"
  _T1SC0 
SECTION: ".abs_section_28"
  _T1SC1 
SECTION: ".abs_section_2c"
  _T2CNT _T2CNTH 
SECTION: ".abs_section_2d"
  _T2CNTL 
SECTION: ".abs_section_31"
  _T2CH0 _T2CH0H 
SECTION: ".abs_section_32"
  _T2CH0L 
SECTION: ".abs_section_34"
  _T2CH1 _T2CH1H 
SECTION: ".abs_section_35"
  _T2CH1L 
SECTION: ".abs_section_2e"
  _T2MOD _T2MODH 
SECTION: ".abs_section_2f"
  _T2MODL 
SECTION: ".abs_section_2b"
  _T2SC 
SECTION: ".abs_section_30"
  _T2SC0 
SECTION: ".abs_section_33"
  _T2SC1 
SECTION: ".abs_section_46"
  _TBCR 

*********************************************************************************************
UNUSED-OBJECTS SECTION
---------------------------------------------------------------------------------------------

*********************************************************************************************
COPYDOWN SECTION
---------------------------------------------------------------------------------------------
------- ROM-ADDRESS: 0xC1AE ---- SIZE       2 ---
Filling bytes inserted
 0000

*********************************************************************************************
OBJECT-DEPENDENCIES SECTION
---------------------------------------------------------------------------------------------
Init                      USES _startupData loadByte 
_Startup                  USES _startupData __SEG_END_SSTACK Init 
main                      USES _CONFIG1 _CONFIG2 _ADICLK _DDRD _PTD adc_result 
                                i _ADSCR main delay 
_ADC_int                  USES _ADSCR i _ADR0L adc_result 

*********************************************************************************************
DEPENDENCY TREE
*********************************************************************************************
 main and _Startup Group
 | 
 +- main                
 |  | 
 |  +- delay               
 |       
 +- _Startup            
    | 
    +- Init                
       | 
       +- loadByte            
            
 _ADC_int            
   
*********************************************************************************************
STATISTIC SECTION
---------------------------------------------------------------------------------------------

ExeFile:
--------
Number of blocks to be downloaded: 6
Total size of all blocks to be downloaded: 436

