C51 COMPILER V7.07   LCD_CLOCK                                                             11/20/2005 11:49:32 PAGE 1   


C51 COMPILER V7.07, COMPILATION OF MODULE LCD_CLOCK
OBJECT MODULE PLACED IN lcd_clock.OBJ
COMPILER INVOKED BY: d:\Keil\C51\BIN\C51.EXE lcd_clock.c BROWSE DEBUG OBJECTEXTEND

stmt level    source

   1          //日历时钟
   2          //按AN1,进入设置状态
   3          //按AN2,停止闹钟声音
   4          //按AN3,依次进入闹钟功能是否启用，闹钟时,分秒,年,月,日及时间时,分,秒的设置,直到退出设置状态
   5          //按AN4,调整是否起用闹钟和调节闹钟时,分,秒,年,月,日,时间的时,分,秒的数字
   6          //LCD第二排中间显示小喇叭，表示启用闹钟功能，无则禁止闹钟功能（可在调整状态进行设置）
   7          //正常状态,LCD上排最前面显示自定义字符,LCD下排最前面闪动"willar"
   8          //设置状态,LCD上排最前面显示"P",下排最前面在设置闹钟时间时显示"alarm:",其它状态显示"time"
   9          //年代变化2000--2099,星期自动转换
  10          //程序中有自定义字符写入
  11          #include <reg51.h>
  12          #include <intrins.h>
  13          unsigned char code dis_week[]={"SUN,MON,TUE,WED,THU,FRI,SAT"};
  14          unsigned char code para_month[13]={0,0,3,3,6,1,4,6,2,5,0,3,5};  //星期月参变数
  15          unsigned char data dis_buf1[16];                //lcd上排显示缓冲区
  16          unsigned char data dis_buf2[16];                //lcd下排显示缓冲区             
  17          unsigned char data year,month,date,week;//年、月、日、星期
  18          unsigned char data armhour,armmin,armsec;//闹钟时、分、秒
  19          unsigned char data hour,min,sec,sec100; //时、分、秒、百分之一秒
  20          unsigned char data flag,vkey,skey;//设置状态计数标志、按键先前值、按键当前值    
  21          bit     alarm;  //标识是否启用闹钟，1--启用，0--关闭
  22          sbit     rs = P2^0;                             //LCD数据/命令选择端(H/L)
  23          sbit     rw = P2^1;                             //LCD读/写选择端(H/L)
  24          sbit     ep = P2^2;                             //LCD使能控制
  25          sbit    PRE = P3^4;                             //调整键(AN3)
  26          sbit    SET = P3^5;                             //调整键(AN4)
  27          sbit    SPK = P3^7;                             
  28          void delayms(unsigned char ms); //延时程序
  29          bit  lcd_busy();                                //测试LCD忙碌状态程序
  30          void lcd_wcmd(char cmd);                //写入指令到LCD程序
  31          void lcd_wdat(char dat);                //写入数据到LCD程序
  32          void lcd_pos(char pos);                 //LCD数据指针位置程序
  33          void lcd_init();                                //LCD初始化设定程序
  34          void pro_timedate();                    //时间日期处理程序
  35          void pro_display();                             //显示处理程序
  36          void pro_key();                                 //按键处理程序
  37          void time_alarm();                              //定时报警功能(闹钟)
  38          unsigned char scan_key();               //按键扫描程序
  39          unsigned char week_proc();              //星期自动计算与显示函数
  40          bit leap_year();                                //判断是否为闰年
  41          void lcd_sef_chr();                             //LCD自定义字符程序
  42          void update_disbuf(unsigned char t1,unsigned char t2[],unsigned char dis_h,unsigned char dis_m,unsigned ch
             -ar dis_s);                        
  43                                                                          //更新显示缓冲区函数
  44           
  45          
  46          // 延时程序
  47          void delay(unsigned char ms)
  48          {       while(ms--)
  49   1              {       unsigned char i;
  50   2                      for(i = 0; i< 250; i++)     
  51   2                      {
  52   3                              _nop_();                           //执行一条_nop_()指令为一个机器周期
  53   3                              _nop_();
  54   3                              _nop_();
C51 COMPILER V7.07   LCD_CLOCK                                                             11/20/2005 11:49:32 PAGE 2   

  55   3                              _nop_();
  56   3                      }
  57   2              }
  58   1      }               
  59                  
  60          
  61          //测试LCD忙碌状态
  62          bit lcd_busy()
  63          {       
  64   1              bit result;
  65   1              rs = 0;
  66   1              rw = 1;
  67   1              ep = 1;
  68   1              _nop_();
  69   1              _nop_();
  70   1              _nop_();
  71   1              _nop_();
  72   1              result =(bit)(P0&0x80); //LCD的D0--D7中,D7=1为忙碌,D7=0为空闲
  73   1              ep = 0;
  74   1              return result;  
  75   1      }
  76          
  77          //写入指令到LCD
  78          void lcd_wcmd(char cmd)
  79          {                                                       
  80   1              while(lcd_busy());      //当lcd_busy为1时,再次检测LCD忙碌状态,lcd-busy为0时,开始写指令
  81   1              rs = 0;
  82   1              rw = 0;
  83   1              ep = 0;
  84   1              _nop_();
  85   1              _nop_();        
  86   1              P0 = cmd;
  87   1              _nop_();
  88   1              _nop_();
  89   1              _nop_();
  90   1              _nop_();
  91   1              ep = 1;
  92   1              _nop_();
  93   1              _nop_();
  94   1              _nop_();
  95   1              _nop_();
  96   1              ep = 0;         
  97   1      }
  98          
  99          //写入数据到LCD
 100          void lcd_wdat(char dat) 
 101          {                                                       
 102   1              while(lcd_busy());      //当lcd_busy为1时,再次检测LCD忙碌状态,lcd-busy为0时,开始写数据
 103   1              rs = 1;
 104   1              rw = 0;
 105   1              ep = 0;
 106   1              P0 = dat;
 107   1              _nop_();
 108   1              _nop_();
 109   1              _nop_();
 110   1              _nop_();
 111   1              ep = 1;
 112   1              _nop_();
 113   1              _nop_();
 114   1              _nop_();
 115   1              _nop_();
 116   1              ep = 0; 
C51 COMPILER V7.07   LCD_CLOCK                                                             11/20/2005 11:49:32 PAGE 3   

 117   1      }
 118          
 119          //LCD数据指针位置程序
 120          void lcd_pos(char pos)
 121          {                                               
 122   1              lcd_wcmd(pos|0x80);     //数据指针=80+地址码(00H~27H,40H~67H)
 123   1      }
 124          
 125          
 126          //设定二个自定义字符,(注意：LCD1602中自定义字符的地址为0x00--0x07,即可定义8个字符)
 127          //这里我们设定把一个自定义字符放在0x00位置（000）,另一个放在0x01位子（001）
 128          void lcd_sef_chr()
 129          {       //第一个自定义字符
 130   1              lcd_wcmd(0x40); //"01 000 000"  第1行地址 (D7D6为地址设定命令形式D5D4D3为字符存放位置(0--7)，D2D1D0为字
             -符行地址(0--7)）
 131   1              lcd_wdat(0x1f); //"XXX 11111"   第1行数据（D7D6D5为XXX，表示为任意数(一般用000），D4D3D2D1D0为字符行数据(
             -1-点亮，0-熄灭）
 132   1              lcd_wcmd(0x41); //"01 000 001"  第2行地址
 133   1              lcd_wdat(0x11); //"XXX 10001"   第2行数据
 134   1              lcd_wcmd(0x42); //"01 000 010"  第3行地址
 135   1              lcd_wdat(0x15); //"XXX 10101"   第3行数据
 136   1              lcd_wcmd(0x43); //"01 000 011"  第4行地址
 137   1              lcd_wdat(0x11); //"XXX 10001"   第4行数据
 138   1              lcd_wcmd(0x44); //"01 000 100"  第5行地址
 139   1              lcd_wdat(0x1f); //"XXX 11111"   第5行数据
 140   1              lcd_wcmd(0x45); //"01 000 101"  第6行地址
 141   1              lcd_wdat(0x0a); //"XXX 01010"   第6行数据
 142   1              lcd_wcmd(0x46); //"01 000 110"  第7行地址
 143   1              lcd_wdat(0x1f); //"XXX 11111"   第7行数据
 144   1              lcd_wcmd(0x47); //"01 000 111"  第8行地址
 145   1              lcd_wdat(0x00); //"XXX 00000"   第8行数据 
 146   1              //第二个自定义字符
 147   1              lcd_wcmd(0x48); //"01 001 000"  第1行地址  
 148   1              lcd_wdat(0x01); //"XXX 00001"   第1行数据 
 149   1              lcd_wcmd(0x49); //"01 001 001"  第2行地址
 150   1              lcd_wdat(0x1b); //"XXX 11011"   第2行数据
 151   1              lcd_wcmd(0x4a); //"01 001 010"  第3行地址
 152   1              lcd_wdat(0x1d); //"XXX 11101"   第3行数据
 153   1              lcd_wcmd(0x4b); //"01 001 011"  第4行地址
 154   1              lcd_wdat(0x19); //"XXX 11001"   第4行数据
 155   1              lcd_wcmd(0x4c); //"01 001 100"  第5行地址
 156   1              lcd_wdat(0x1d); //"XXX 11101"   第5行数据
 157   1              lcd_wcmd(0x4d); //"01 001 101"  第6行地址
 158   1              lcd_wdat(0x1b); //"XXX 11011"   第6行数据
 159   1              lcd_wcmd(0x4e); //"01 001 110"  第7行地址
 160   1              lcd_wdat(0x01); //"XXX 00001"   第7行数据
 161   1              lcd_wcmd(0x4f); //"01 001 111"  第8行地址
 162   1              lcd_wdat(0x00); //"XXX 00000"   第8行数据 
 163   1      
 164   1      
 165   1      
 166   1       
 167   1      }
 168          
 169          //LCD初始化设定
 170          void lcd_init()
 171          {                                               
 172   1              lcd_wcmd(0x38);         //设置LCD为16X2显示,5X7点阵,八位数据借口
 173   1              delay(1);
 174   1              lcd_wcmd(0x0c);         //LCD开显示及光标设置(光标不闪烁,不显示"-")
 175   1              delay(1);
 176   1              lcd_wcmd(0x06);         //LCD显示光标移动设置(光标地址指针加1,整屏显示不移动)
C51 COMPILER V7.07   LCD_CLOCK                                                             11/20/2005 11:49:32 PAGE 4   

 177   1              delay(1);
 178   1              lcd_wcmd(0x01);         //清除LCD的显示内容
 179   1              delay(1);
 180   1      }
 181          
 182          //闰年的计算
 183          bit leap_year()
 184          {
 185   1              bit leap;
 186   1              if((year%4==0&&year%100!=0)||year%400==0)//闰年的条件
 187   1                      leap=1;
 188   1              else
 189   1                      leap=0;
 190   1              return leap;
 191   1      }
 192          
 193          //星期的自动运算和处理
 194          unsigned char week_proc()
 195          {       unsigned char num_leap; 
 196   1              unsigned char c;
 197   1              num_leap=year/4-year/100+year/400;//自00年起到year所经历的闰年数
 198   1              if( leap_year()&& month<=2 )      //既是闰年且是1月和2月        
 199   1                      c=5;
 200   1              else 
 201   1                      c=6;
 202   1              week=(year+para_month[month]+date+num_leap+c)%7;//计算对应的星期
 203   1              return week;
 204   1      }       
 205          
 206          //更新显示缓冲区
 207          void update_disbuf(unsigned char t1,unsigned char t2[],unsigned char dis_h,unsigned char dis_m,unsigned ch
             -ar dis_s)        
 208          {       dis_buf1[0]=t1;                         //
 209   1              dis_buf1[1]=0x20;                       //空格
 210   1              dis_buf1[2]=50;                         //'2' 
 211   1              dis_buf1[3]=48;             //'0'
 212   1              dis_buf1[4]=year/10+48; 
 213   1              dis_buf1[5]=year%10+48; 
 214   1              dis_buf1[6]=0x2d;
 215   1              dis_buf1[7]=month/10+48;
 216   1              dis_buf1[8]=month%10+48; 
 217   1              dis_buf1[9]=0x2d;                       //'-'
 218   1              dis_buf1[10]=date/10+48;
 219   1              dis_buf1[11]=date%10+48;
 220   1              dis_buf1[12]=0x20;
 221   1              dis_buf1[13]=dis_week[4*week];
 222   1              dis_buf1[14]=dis_week[4*week+1];
 223   1              dis_buf1[15]=dis_week[4*week+2];
 224   1      
 225   1              dis_buf2[0]=t2[0]; 
 226   1              dis_buf2[1]=t2[1]; 
 227   1              dis_buf2[2]=t2[2]; 
 228   1              dis_buf2[3]=t2[3];
 229   1              dis_buf2[4]=t2[4]; 
 230   1              dis_buf2[5]=t2[5];
 231   1              dis_buf2[6]=0x20;                       //空格
 232   1              if (alarm)
 233   1                      dis_buf2[7]=0x01;               //alarm=1，显示闹钟启用标致（第二个自定义字符）
 234   1              else
 235   1                      dis_buf2[7]=0x20;               //alarm=0，不显示闹钟启用标致
 236   1              dis_buf2[8]=dis_h/10+48; 
 237   1              dis_buf2[9]=dis_h%10+48; 
C51 COMPILER V7.07   LCD_CLOCK                                                             11/20/2005 11:49:32 PAGE 5   

 238   1              dis_buf2[10]=0x3a;                      //':'
 239   1              dis_buf2[11]=dis_m/10+48;
 240   1              dis_buf2[12]=dis_m%10+48;
 241   1              dis_buf2[13]=0x3a;
 242   1              dis_buf2[14]=dis_s/10+48;
 243   1              dis_buf2[15]=dis_s%10+48;
 244   1      
 245   1      }
 246          
 247          //时间和日期处理程序
 248          void pro_timedate()
 249          {       
 250   1              sec++;
 251   1              if(sec > 59)
 252   1                      {sec = 0;
 253   2                       min++;
 254   2                       if(min>59)
 255   2                              {min=0;
 256   3                               hour++;
 257   3                               if(hour>23)
 258   3                                      {hour=0;
 259   4                                       date++;
 260   4                                       if (month==1||month==3||month==5||month==7||month==8||month==10||month==12)
 261   4                                               if (date>31) {date=1;month++;}                                 //大月31天
 262   4                                       if (month==4||month==6||month==9||month==11)           
 263   4                                               if (date>30) {date=1;month++;}                                 //小月30天
 264   4                                       if (month==2)                  
 265   4                                               {if( leap_year())                                                              //闰年的条件
 266   5                                                      {if (date>29) {date=1;month++;}}                        //闰年2月为29天
 267   5                                               else
 268   5                                                      {if (date>28) {date=1;month++;}}                        //平年2月为28天 
 269   5                                               }                              
 270   4                                       if (month>12) {month=1;year++;}
 271   4                                       if (year>99) year=0;
 272   4                                      }
 273   3                              }
 274   2                      }
 275   1              week_proc();
 276   1              if (sec==armsec && min==armmin && hour==armhour)                                
 277   1                      {if (alarm)
 278   2                              TR1=1;                                  //闹钟启用时，报警时间到,启动Timer1
 279   2                      }
 280   1      
 281   1      }
 282          
 283          //显示处理程序
 284          void pro_display()
 285          {       unsigned char i;
 286   1              lcd_pos(0x00);
 287   1              for (i=0;i<=15;i++)
 288   1                      {lcd_wdat(dis_buf1[i]);}
 289   1      
 290   1              lcd_pos(0x40);
 291   1              for (i=0;i<=15;i++)
 292   1                      {lcd_wdat(dis_buf2[i]);}
 293   1      }
 294          
 295          //Timer0中断处理程序,秒的产生
 296          void timer0() interrupt 1 
 297          {
 298   1              TH0=0xdc;                       //Timer0置10ms定时初值dc00H(2^16=65536D,dc00H=56320D)
 299   1              TL0=0x00;                       //定时时间=(65536-56320)*(1/11.0592)*12=10ms (f0=11.0592Mhz)
C51 COMPILER V7.07   LCD_CLOCK                                                             11/20/2005 11:49:32 PAGE 6   

 300   1              sec100++;
 301   1              if(sec100 >= 100)       //1秒时间 (100*10ms=1000ms=1s)
 302   1                      {sec100 = 0;
 303   2                       pro_timedate();//调用时间和日期处理程序
 304   2                      }
 305   1              if (sec&0x01)                                                                           //"willar"闪一秒，停一秒
 306   1                      update_disbuf(0x00,"      ",hour,min,sec);         //0x00表示显示00位置的自定义字符             
 307   1              else 
 308   1                      update_disbuf(0x00,"willar",hour,min,sec);      
 309   1              pro_display();          //调用显示处理函数
 310   1      
 311   1      
 312   1      }       
 313                  
 314          //按键扫描程序
 315          unsigned char  scan_key()
 316          {       
 317   1              skey=0x00;                                                                      //给变量vkey置初值
 318   1              skey|=PRE;                                                                      //读取PRE键的状态
 319   1              skey=skey<<1;                                                           //将PRE键的状态存于skey的B1位
 320   1              skey|=SET;                                                                      //读取SET键的状态,并存于skey的B0位
 321   1              return skey;                                                            //返回skey的键值(即PRE,SET的状态)
 322   1      
 323   1      }
 324          
 325          //外部中断INT0中断处理程序
 326          void int0() interrupt 0 
 327          {               
 328   1                      TR0=0;                                                                  //禁止Timer0
 329   1                      IE=0;                                                                   //禁止中断
 330   1                      lcd_wcmd(0x0e);                                                 //显示光标"_",整个光标不闪烁
 331   1                      alarm=1;
 332   1                      update_disbuf(0x50,"alarm:",armhour,armmin,armsec);     //更新显示数据，0x50表示要显示"P"       
 333   1                      pro_display();                                                  //调用显示处理程序
 334   1                      lcd_pos(0x47);                                          //使光标位于第一个调整项下                                              
 335   1                      flag=0;                                                                 
 336   1                      vkey=0x03;
 337   1                      while(flag^0x0a)
 338   1                              {skey = scan_key();                                     //扫描按键状态
 339   2                              if (skey^vkey)                                          //若skey与vkey相同,跳出循环,相异执行循环体
 340   2                                      {       delay(10);                                      //去按键抖动    
 341   3                                              skey = scan_key();                      //转回扫描按键状态                      
 342   3                                              if (skey^vkey)                          //若skey与vkey相同,跳出循环,相异执行循环体              
 343   3                                                      {       vkey=skey;                      //将skey的值付给vkey    
 344   4                                                              if (skey==0x01)         //PRE键按下
 345   4                                                                      {        flag++;        //调整标志位加1 
 346   5                                                                                      switch (flag)   //将光标置于相应调整位置
 347   5                                                                                      {       
 348   6                                                                                                      
 349   6                                                                                              case 1: lcd_pos(0x49);break;            //光标置小时报警设置位置                                                 
 350   6                                                                                              case 2: lcd_pos(0x4c);break;            //光标置分钟报警设置位置                
 351   6                                                                                              case 3: lcd_pos(0x4f);break;            //光标置秒时报警设置位置
 352   6                                                                                              
 353   6                                                                                              case 4: update_disbuf(0x50,"time: ",hour,min,sec);
 354   6                                                                                                              pro_display();
 355   6                                                                                                              lcd_pos(0x05);break;            //光标置年调整位置                                                                                      
 356   6                                                                                              case 5: lcd_pos(0x08);break;            //光标置月调整位置
 357   6                                                                                              case 6: lcd_pos(0x0b);break;            //光标置日调整位置
 358   6                                                                                              
 359   6                                                                                              case 7: lcd_pos(0x49);break;            //光标置时调整位置
 360   6                                                                                              case 8: lcd_pos(0x4c);break;            //光标置分调整位置
 361   6                                                                                              case 9: lcd_pos(0x4f);break;            //光标置秒调整位置
C51 COMPILER V7.07   LCD_CLOCK                                                             11/20/2005 11:49:32 PAGE 7   

 362   6                                                                                                      
 363   6                                                                                              default:break;
 364   6                                                                                      }
 365   5                                                                      }
 366   4                                                              if (skey==0x02)             //SET键按下
 367   4                                                                      {       pro_key();              //转设置按键处理程序
 368   5                                                                      }
 369   4                                                      }
 370   3                                      }                                                                
 371   2                              }                                                                
 372   1                      lcd_wcmd(0x0c);                                                 //设置LCD开显示及光标不闪烁,不显示"-"
 373   1                      lcd_wcmd(0x01);                                             //清除LCD的显示内容
 374   1                      IE=0x8f;                                                        //CPU开中断,INT0,INT1,开中断
 375   1                      TR0=1;                                                                  //Timer0启动
 376   1      }
 377          
 378          
 379          //主程序,初始化及初值设定
 380          void main()
 381          {       
 382   1              lcd_init();                                     //初始化LCD
 383   1              lcd_sef_chr();                                          //写入自定义字符号
 384   1              hour=0;min=0;sec=0;                                 //开机时的时,分,秒显示
 385   1              armhour=0;armmin=0;armsec=0;            //开机时的时,分,秒报警初值
 386   1              year= 5; month=1;date=1;                //开机时的年,月,日,星期显示
 387   1              week_proc();
 388   1              alarm=1;                                                        //初始开机，启用闹钟
 389   1              IE = 0x8f;                                                      //CPU开中断,INT0,INT1,Timer0,Timer1开中断
 390   1              IP = 0x04;                                                      //设置INT0为中断最高优先级
 391   1              IT0=0;IT1=0;                                            //外部INT0,INT1设置为电平触发方式（注意，触发不要选边沿方式，易误动）
 392   1              TMOD = 0x11;                                            //Timer0,Timer1工作于模式1, 16位定时方式
 393   1              TH0 = 0xdc;TL0 = 0x00;                          //Timer0置10ms定时初值  
 394   1              TH1 = 0xff;TL1 = 0x00;                          //Timer1置初值  
 395   1              TR0 = 1;                                                        //Timer0启动
 396   1              TR1 = 0;
 397   1              while(1);
 398   1      }
 399          
 400          //设置按键处理程序
 401          void pro_key()
 402          {
 403   1              switch (flag)
 404   1                      { 
 405   2                      case 0:alarm=!alarm;                    //启用或关闭闹钟（alarm=1:启用,alarm=0:关闭)
 406   2                                      update_disbuf(0x50,"alarm:",armhour,armmin,armsec); //更新显示数据
 407   2                                      pro_display();                                                                          //调用显示处理
 408   2                                      lcd_pos(0x47);break;                                                            //光标回到原调整位置 
 409   2                      case 1:armhour++;
 410   2                                      if (armhour>23) armhour=0;
 411   2                                      update_disbuf(0x50,"alarm:",armhour,armmin,armsec); //更新显示数据
 412   2                                      pro_display();                                                                          //调用显示处理
 413   2                                      lcd_pos(0x49);break;                                                            //光标回到原调整位置
 414   2                      case 2:armmin++;
 415   2                                      if (armmin>59) armmin=0;
 416   2                                      update_disbuf(0x50,"alarm:",armhour,armmin,armsec);
 417   2                                      pro_display();
 418   2                                      lcd_pos(0x4c);break;
 419   2                      case 3:armsec++;
 420   2                                      if (armsec>59) armsec=0;
 421   2                                      update_disbuf(0x50,"alarm:",armhour,armmin,armsec);
 422   2                                      pro_display();
 423   2                                      lcd_pos(0x4f);break;
C51 COMPILER V7.07   LCD_CLOCK                                                             11/20/2005 11:49:32 PAGE 8   

 424   2      
 425   2                      case 4:year++;
 426   2                                      if      (year> 99) year= 0;
 427   2                                      week_proc();                        //星期自动运算
 428   2                                      update_disbuf(0x50,"time: ",hour,min,sec);
 429   2                                      pro_display();
 430   2                                      lcd_pos(0x05);break;
 431   2                      case 5:month++;
 432   2                                      if (month>12) month=1;
 433   2                                      week_proc();                                            //星期自动运算
 434   2                                      update_disbuf(0x50,"time: ",hour,min,sec);
 435   2                                      pro_display();
 436   2                                      lcd_pos(0x08);break;
 437   2                      case 6:date++;
 438   2                                      if (month==1||month==3||month==5||month==7||month==8||month==10||month==12)
 439   2                                              if (date>31) date=1;                    //大月31天
 440   2                                      if (month==4||month==6||month==9||month==11)            
 441   2                                              if (date>30) date=1;                    //小月30天
 442   2                                      if (month==2)                   
 443   2                                              {if(leap_year())                                //闰年的条件
 444   3                                                      {if (date>29) date=1;}          //闰年2月为29天
 445   3                                               else
 446   3                                                      {if (date>28) date=1;}}         //平年2月为28天 
 447   2                                      week_proc();                                        //星期自动运算
 448   2                                      update_disbuf(0x50,"time: ",hour,min,sec);
 449   2                                      pro_display();
 450   2                                      lcd_pos(0x0b);break;
 451   2                      
 452   2                      case 7:hour++;
 453   2                                      if (hour>23) hour=0;
 454   2                                      update_disbuf(0x50,"time: ",hour,min,sec);
 455   2                                      pro_display();
 456   2                                      lcd_pos(0x49);break;    
 457   2                      case 8:min++;
 458   2                                      if (min>59) min=0;
 459   2                                      update_disbuf(0x50,"time: ",hour,min,sec);
 460   2                                      pro_display();
 461   2                                      lcd_pos(0x4c);break;
 462   2                      case 9:sec++;
 463   2                                      if (sec>59) sec=0;
 464   2                                      update_disbuf(0x50,"time: ",hour,min,sec);
 465   2                                      pro_display();
 466   2                                      lcd_pos(0x4f);break;
 467   2                      default: break ;                                                                                                 
 468   2                      }
 469   1      }       
 470          
 471          //Timer1中断处理程序,产生报警的声音
 472          void timer1() interrupt 3 
 473          {
 474   1              TH1=0xff;                               
 475   1              TL1=0x00;
 476   1              SPK=~SPK;
 477   1               
 478   1                                      
 479   1      }
 480          
 481          //外部中断INT1中断处理程序,停止报警声音
 482          void int1() interrupt 2
 483          {
 484   1              if(TR1)
 485   1                      TR1=0;                          
C51 COMPILER V7.07   LCD_CLOCK                                                             11/20/2005 11:49:32 PAGE 9   

 486   1      
 487   1      } 


MODULE INFORMATION:   STATIC OVERLAYABLE
   CODE SIZE        =   1886    ----
   CONSTANT SIZE    =     69    ----
   XDATA SIZE       =   ----    ----
   PDATA SIZE       =   ----    ----
   DATA SIZE        =     46       8
   IDATA SIZE       =   ----    ----
   BIT SIZE         =      1       2
END OF MODULE INFORMATION.


C51 COMPILATION COMPLETE.  0 WARNING(S),  0 ERROR(S)
